com\zunozap\api\PluginInfo.class
com\zunozap\impl\ZunoZapChrome.class
com\zunozap\Settings$1.class
com\zunozap\launch\Main$2.class
me\isaiah\zunozap\ZunoZap.class
com\zunozap\lang\LangManager.class
me\isaiah\downloadmanager\DownloadsTableModel.class
com\zunozap\impl\ZunoZapWebView.class
com\zunozap\plugin\manager\PluginLoader.class
com\zunozap\Info.class
com\zunozap\launch\Agent.class
me\isaiah\downloadmanager\Download.class
me\isaiah\downloadmanager\DownloadManager$1.class
com\zunozap\lang\ChangeLis.class
me\isaiah\downloadmanager\DownloadManager.class
com\zunozap\UniversalEngine.class
com\zunozap\Settings.class
com\zunozap\lang\Lang.class
com\zunozap\impl\ZunoZapChrome$2.class
com\zunozap\api\Plugin.class
com\zunozap\UniversalEngine$Engine.class
com\zunozap\impl\ZunoZapChrome$2$1.class
me\isaiah\downloadmanager\ProgressRenderer.class
com\zunozap\launch\Main$1.class
com\zunozap\Settings$Options.class
com\zunozap\ZunoAPI$1.class
com\zunozap\Reader.class
com\zunozap\plugin\manager\PluginManager.class
com\zunozap\Log.class
com\zunozap\launch\Unzip.class
com\zunozap\ZFile.class
com\zunozap\ZunoAPI.class
com\zunozap\impl\ZunoZapChrome$3.class
me\isaiah\zunozap\LibDownload.class
com\zunozap\launch\Main.class
com\zunozap\launch\Main$OS.class
com\zunozap\LoadLis.class
com\zunozap\Settings$TextFieldEvent.class
me\isaiah\downloadmanager\DownloadManager$2.class
com\zunozap\impl\ZunoZapChrome$1.class
com\zunozap\plugin\manager\PluginClassLoader.class
com\zunozap\ZFullScreenHandler.class
