me\isaiah\zunozap\Settings$1.class
me\isaiah\zunozap\ZunoZap.class
me\isaiah\zunozap\plugin\PluginInfo.class
me\isaiah\zunozap\Log.class
me\isaiah\zunozap\Info.class
me\isaiah\downloadmanager\DownloadsTableModel.class
me\isaiah\downloadmanager\Download.class
me\isaiah\zunozap\ZunoZap$1.class
me\isaiah\downloadmanager\DownloadManager$1.class
me\isaiah\zunozap\plugin\manager\PluginLoader.class
me\isaiah\zunozap\ZFullScreenHandler.class
me\isaiah\zunozap\plugin\PluginBase.class
me\isaiah\zunozap\ZunoZapWebView.class
me\isaiah\downloadmanager\DownloadManager.class
me\isaiah\zunozap\lang\Lang.class
me\isaiah\zunozap\LibDownload$1.class
me\isaiah\zunozap\plugin\manager\PluginClassLoader.class
me\isaiah\downloadmanager\ProgressRenderer.class
me\isaiah\zunozap\LoadLis.class
me\isaiah\zunozap\Reader.class
me\isaiah\zunozap\Settings.class
me\isaiah\zunozap\UniversalEngine.class
me\isaiah\zunozap\ZunoZap$2.class
me\isaiah\zunozap\LibDownload$OS.class
me\isaiah\zunozap\ZunoZap$2$1.class
me\isaiah\zunozap\ZunoAPI.class
me\isaiah\zunozap\plugin\manager\PluginManager.class
me\isaiah\zunozap\ZunoAPI$1.class
me\isaiah\zunozap\UniversalEngine$Engine.class
me\isaiah\zunozap\Download.class
me\isaiah\zunozap\LibDownload.class
me\isaiah\zunozap\ZFile.class
me\isaiah\zunozap\lang\ChangeLis.class
me\isaiah\zunozap\Settings$Options.class
me\isaiah\zunozap\ZunoProperties.class
me\isaiah\zunozap\lang\LangManager.class
me\isaiah\zunozap\Settings$2.class
me\isaiah\downloadmanager\DownloadManager$2.class
me\isaiah\zunozap\Settings$TextFieldEvent.class
me\isaiah\zunozap\ZunoZap$3.class
