me\isaiah\zunozap\ZunoZap.class
me\isaiah\zunozap\ZunoAPI$EHistory.class
me\isaiah\zunozap\plugin\PluginInfo.class
me\isaiah\zunozap\Info.class
me\isaiah\zunozap\OptionMenu.class
me\isaiah\zunozap\Hooks.class
me\isaiah\zunozap\ZPopupContainer.class
me\isaiah\zunozap\ZunoZap_old.class
me\isaiah\zunozap\ZunoZap$1.class
me\isaiah\zunozap\plugin\manager\PluginLoader.class
me\isaiah\zunozap\ZFullScreenHandler.class
me\isaiah\zunozap\plugin\PluginBase.class
me\isaiah\zunozap\OptionMenu$1.class
me\isaiah\zunozap\Updater.class
me\isaiah\zunozap\ZunoZap$4.class
me\isaiah\zunozap\EOption.class
me\isaiah\zunozap\LibDownload$1.class
me\isaiah\zunozap\plugin\manager\PluginClassLoader.class
me\isaiah\zunozap\LoadLis.class
me\isaiah\zunozap\Reader.class
me\isaiah\zunozap\ZunoZap$2.class
me\isaiah\zunozap\LibDownload$OS.class
me\isaiah\zunozap\ZunoZap$2$1.class
me\isaiah\zunozap\ZunoAPI.class
me\isaiah\zunozap\plugin\manager\PluginManager.class
me\isaiah\zunozap\ZunoAPI$1.class
me\isaiah\zunozap\LibDownload.class
me\isaiah\zunozap\ZFile.class
me\isaiah\zunozap\Download.class
me\isaiah\zunozap\ZunoProperties.class
me\isaiah\zunozap\LibDownload$2.class
me\isaiah\zunozap\ZunoZap$3.class
me\isaiah\zunozap\StyleManager.class
