C:\Users\isaia\Desktop\zunozap\ZunoZap\src\main\java\me\isaiah\zunozap\Download.java
C:\Users\isaia\Desktop\zunozap\ZunoZap\src\main\java\me\isaiah\zunozap\UniversalEngine.java
C:\Users\isaia\Desktop\zunozap\ZunoZap\src\main\java\me\isaiah\zunozap\lang\LangManager.java
C:\Users\isaia\Desktop\zunozap\ZunoZap\src\main\java\me\isaiah\zunozap\Info.java
C:\Users\isaia\Desktop\zunozap\ZunoZap\src\main\java\me\isaiah\zunozap\ZFullScreenHandler.java
C:\Users\isaia\Desktop\zunozap\ZunoZap\src\main\java\me\isaiah\downloadmanager\DownloadTableModle.java
C:\Users\isaia\Desktop\zunozap\ZunoZap\src\main\java\me\isaiah\zunozap\lang\Lang.java
C:\Users\isaia\Desktop\zunozap\ZunoZap\src\main\java\me\isaiah\zunozap\LoadLis.java
C:\Users\isaia\Desktop\zunozap\ZunoZap\src\main\java\me\isaiah\zunozap\plugin\manager\PluginClassLoader.java
C:\Users\isaia\Desktop\zunozap\ZunoZap\src\main\java\me\isaiah\zunozap\Settings.java
C:\Users\isaia\Desktop\zunozap\ZunoZap\src\main\java\me\isaiah\zunozap\Reader.java
C:\Users\isaia\Desktop\zunozap\ZunoZap\src\main\java\me\isaiah\zunozap\plugin\manager\PluginManager.java
C:\Users\isaia\Desktop\zunozap\ZunoZap\src\main\java\me\isaiah\zunozap\ZunoProperties.java
C:\Users\isaia\Desktop\zunozap\ZunoZap\src\main\java\me\isaiah\zunozap\Log.java
C:\Users\isaia\Desktop\zunozap\ZunoZap\src\main\java\me\isaiah\zunozap\lang\ChangeLis.java
C:\Users\isaia\Desktop\zunozap\ZunoZap\src\main\java\me\isaiah\zunozap\plugin\manager\PluginLoader.java
C:\Users\isaia\Desktop\zunozap\ZunoZap\src\main\java\me\isaiah\downloadmanager\DownloadManager.java
C:\Users\isaia\Desktop\zunozap\ZunoZap\src\main\java\me\isaiah\zunozap\ZFile.java
C:\Users\isaia\Desktop\zunozap\ZunoZap\src\main\java\me\isaiah\downloadmanager\ProcessRenderer.java
C:\Users\isaia\Desktop\zunozap\ZunoZap\src\main\java\me\isaiah\zunozap\plugin\PluginInfo.java
C:\Users\isaia\Desktop\zunozap\ZunoZap\src\main\java\me\isaiah\zunozap\ZunoZapWebView.java
C:\Users\isaia\Desktop\zunozap\ZunoZap\src\main\java\me\isaiah\zunozap\ZunoAPI.java
C:\Users\isaia\Desktop\zunozap\ZunoZap\src\main\java\me\isaiah\zunozap\ZunoZap.java
C:\Users\isaia\Desktop\zunozap\ZunoZap\src\main\java\me\isaiah\downloadmanager\Download.java
C:\Users\isaia\Desktop\zunozap\ZunoZap\src\main\java\me\isaiah\zunozap\plugin\PluginBase.java
C:\Users\isaia\Desktop\zunozap\ZunoZap\src\main\java\me\isaiah\zunozap\LibDownload.java
