G:\ZBrowser\ZunoZap\src\main\java\me\isaiah\zunozap\Download.java
G:\ZBrowser\ZunoZap\src\main\java\me\isaiah\zunozap\lang\LangManager.java
G:\ZBrowser\ZunoZap\src\main\java\me\isaiah\zunozap\plugin\manager\PluginManager.java
G:\ZBrowser\ZunoZap\src\main\java\me\isaiah\zunozap\ZunoAPI.java
G:\ZBrowser\ZunoZap\src\main\java\me\isaiah\zunozap\ProgramInfo.java
G:\ZBrowser\ZunoZap\src\main\java\me\isaiah\zunozap\OptionMenu.java
G:\ZBrowser\ZunoZap\src\main\java\me\isaiah\zunozap\plugin\PluginInfo.java
G:\ZBrowser\ZunoZap\src\main\java\me\isaiah\zunozap\EOption.java
G:\ZBrowser\ZunoZap\src\main\java\me\isaiah\zunozap\ZunoProperties.java
G:\ZBrowser\ZunoZap\src\main\java\me\isaiah\zunozap\bookmarks\Reader.java
G:\ZBrowser\ZunoZap\src\main\java\me\isaiah\zunozap\Updater.java
G:\ZBrowser\ZunoZap\src\main\java\me\isaiah\zunozap\StyleManager.java
G:\ZBrowser\ZunoZap\src\main\java\me\isaiah\zunozap\plugin\manager\PluginClassLoader.java
G:\ZBrowser\ZunoZap\src\main\java\me\isaiah\zunozap\ZunoZap.java
G:\ZBrowser\ZunoZap\src\main\java\me\isaiah\zunozap\plugin\PluginBase.java
G:\ZBrowser\ZunoZap\src\main\java\me\isaiah\zunozap\Bookmarks.java
G:\ZBrowser\ZunoZap\src\main\java\me\isaiah\zunozap\plugin\manager\PluginLoader.java
