G:\ZBrowser\ZunoZap\src\main\java\me\isaiah\zunozap\Download.java
G:\ZBrowser\ZunoZap\src\main\java\me\isaiah\zunozap\Reader.java
G:\ZBrowser\ZunoZap\src\main\java\me\isaiah\zunozap\plugin\manager\PluginManager.java
G:\ZBrowser\ZunoZap\src\main\java\me\isaiah\zunozap\LibDownload.java
G:\ZBrowser\ZunoZap\src\main\java\me\isaiah\zunozap\ZunoAPI.java
G:\ZBrowser\ZunoZap\src\main\java\me\isaiah\zunozap\OptionMenu.java
G:\ZBrowser\ZunoZap\src\main\java\me\isaiah\zunozap\plugin\PluginInfo.java
G:\ZBrowser\ZunoZap\src\main\java\me\isaiah\zunozap\ZunoZap_old.java
G:\ZBrowser\ZunoZap\src\main\java\me\isaiah\zunozap\EOption.java
G:\ZBrowser\ZunoZap\src\main\java\me\isaiah\zunozap\ZunoProperties.java
G:\ZBrowser\ZunoZap\src\main\java\me\isaiah\zunozap\Hooks.java
G:\ZBrowser\ZunoZap\src\main\java\me\isaiah\zunozap\ZPopupContainer.java
G:\ZBrowser\ZunoZap\src\main\java\me\isaiah\zunozap\ZFullScreenHandler.java
G:\ZBrowser\ZunoZap\src\main\java\me\isaiah\zunozap\LoadLis.java
G:\ZBrowser\ZunoZap\src\main\java\me\isaiah\zunozap\Updater.java
G:\ZBrowser\ZunoZap\src\main\java\me\isaiah\zunozap\Info.java
G:\ZBrowser\ZunoZap\src\main\java\me\isaiah\zunozap\StyleManager.java
G:\ZBrowser\ZunoZap\src\main\java\me\isaiah\zunozap\plugin\manager\PluginClassLoader.java
G:\ZBrowser\ZunoZap\src\main\java\me\isaiah\zunozap\ZFile.java
G:\ZBrowser\ZunoZap\src\main\java\me\isaiah\zunozap\ZunoZap.java
G:\ZBrowser\ZunoZap\src\main\java\me\isaiah\zunozap\plugin\PluginBase.java
G:\ZBrowser\ZunoZap\src\main\java\me\isaiah\zunozap\plugin\manager\PluginLoader.java
