com\javazilla\chromium\BrowserPreferences.class
org\cef\browser\CefBrowserOsr$12.class
com\javazilla\chromium\test\SwingTest.class
com\javazilla\chromium\internal\Unzip.class
com\javazilla\chromium\NativeHelper$1.class
org\cef\browser\CefBrowserOsr$4.class
com\javazilla\chromium\events\LoadEvent.class
com\javazilla\util\Download.class
com\javazilla\chromium\listeners\LoadListener.class
com\javazilla\chromium\events\ResourceRequestEvent.class
com\javazilla\chromium\listeners\ResourceRequestListener.class
com\javazilla\chromium\NativeHelper$NativePlatform.class
com\javazilla\chromium\events\TitleEvent.class
com\javazilla\chromium\internal\CefWebview$ReqHandler.class
com\javazilla\chromium\test\TestBrowser.class
org\cef\browser\CefBrowserOsr$3.class
com\javazilla\chromium\Browser.class
com\javazilla\chromium\internal\SwingNode$PostEventAction.class
com\javazilla\chromium\events\StartLoadingEvent.class
org\cef\CefSettings$LogSeverity.class
com\javazilla\chromium\internal\CefWebview$3.class
com\javazilla\chromium\view\SwingBrowserView.class
org\cef\browser\CefBrowserOsr$1.class
com\javazilla\chromium\events\FrameLoadEvent.class
com\javazilla\chromium\internal\SwingNode.class
com\javazilla\chromium\events\FailLoadingEvent.class
com\javazilla\chromium\listeners\TitleListener.class
com\javazilla\chromium\NativeHelper.class
org\cef\browser\CefBrowserOsr$10.class
com\javazilla\chromium\BrowserType.class
org\cef\browser\CefBrowserOsr$7.class
com\javazilla\chromium\listeners\BrowserListener.class
org\cef\browser\CefBrowserOsr$2.class
com\javazilla\util\ClassLoadingUtil.class
com\javazilla\chromium\events\FinishLoadingEvent.class
com\javazilla\chromium\internal\CefWebview$2.class
org\cef\CefSettings$ColorType.class
org\cef\browser\CefBrowserOsr$9.class
org\cef\browser\CefBrowserOsr$6.class
com\javazilla\chromium\view\JfxBrowserView.class
com\javazilla\chromium\NativeHelper$2.class
org\cef\browser\CefBrowserOsr.class
com\javazilla\util\ClassLoadingUtil$Fake.class
org\cef\browser\CefBrowserOsr$8.class
com\javazilla\chromium\events\BrowserEvent.class
com\javazilla\chromium\internal\CefWebview$1.class
org\cef\browser\CefBrowserOsr$11.class
com\javazilla\chromium\internal\CefWebview.class
org\cef\browser\CefBrowserOsr$5.class
org\cef\CefSettings.class
com\javazilla\chromium\internal\CefWebview$AdBlockRequestHandler.class
