C:\Users\patt8139\GitProjects\zunozap\Wrapper\src\main\java\com\javazilla\util\Download.java
C:\Users\patt8139\GitProjects\zunozap\Wrapper\src\main\java\com\javazilla\chromium\internal\SwingNode.java
C:\Users\patt8139\GitProjects\zunozap\Wrapper\src\main\java\com\javazilla\chromium\events\ResourceRequestEvent.java
C:\Users\patt8139\GitProjects\zunozap\Wrapper\src\main\java\com\javazilla\chromium\internal\CefWebview.java
C:\Users\patt8139\GitProjects\zunozap\Wrapper\src\main\java\com\javazilla\chromium\events\TitleEvent.java
C:\Users\patt8139\GitProjects\zunozap\Wrapper\src\main\java\com\javazilla\chromium\NativeHelper.java
C:\Users\patt8139\GitProjects\zunozap\Wrapper\src\main\java\com\javazilla\chromium\internal\Unzip.java
C:\Users\patt8139\GitProjects\zunozap\Wrapper\src\main\java\org\cef\CefSettings.java
C:\Users\patt8139\GitProjects\zunozap\Wrapper\src\main\java\com\javazilla\chromium\listeners\BrowserListener.java
C:\Users\patt8139\GitProjects\zunozap\Wrapper\src\main\java\com\javazilla\chromium\test\TestBrowser.java
C:\Users\patt8139\GitProjects\zunozap\Wrapper\src\main\java\com\javazilla\chromium\events\FinishLoadingEvent.java
C:\Users\patt8139\GitProjects\zunozap\Wrapper\src\main\java\com\javazilla\chromium\view\SwingBrowserView.java
C:\Users\patt8139\GitProjects\zunozap\Wrapper\src\main\java\com\javazilla\chromium\events\BrowserEvent.java
C:\Users\patt8139\GitProjects\zunozap\Wrapper\src\main\java\com\javazilla\chromium\listeners\TitleListener.java
C:\Users\patt8139\GitProjects\zunozap\Wrapper\src\main\java\com\javazilla\chromium\view\JfxBrowserView.java
C:\Users\patt8139\GitProjects\zunozap\Wrapper\src\main\java\com\javazilla\chromium\listeners\ResourceRequestListener.java
C:\Users\patt8139\GitProjects\zunozap\Wrapper\src\main\java\com\javazilla\chromium\Browser.java
C:\Users\patt8139\GitProjects\zunozap\Wrapper\src\main\java\com\javazilla\chromium\events\FrameLoadEvent.java
C:\Users\patt8139\GitProjects\zunozap\Wrapper\src\main\java\com\javazilla\util\ClassLoadingUtil.java
C:\Users\patt8139\GitProjects\zunozap\Wrapper\src\main\java\org\cef\browser\CefBrowserOsr.java
C:\Users\patt8139\GitProjects\zunozap\Wrapper\src\main\java\com\javazilla\chromium\BrowserType.java
C:\Users\patt8139\GitProjects\zunozap\Wrapper\src\main\java\com\javazilla\chromium\BrowserPreferences.java
C:\Users\patt8139\GitProjects\zunozap\Wrapper\src\main\java\com\javazilla\chromium\listeners\LoadListener.java
C:\Users\patt8139\GitProjects\zunozap\Wrapper\src\main\java\com\javazilla\chromium\events\LoadEvent.java
C:\Users\patt8139\GitProjects\zunozap\Wrapper\src\main\java\com\javazilla\chromium\events\FailLoadingEvent.java
C:\Users\patt8139\GitProjects\zunozap\Wrapper\src\main\java\com\javazilla\chromium\events\StartLoadingEvent.java
C:\Users\patt8139\GitProjects\zunozap\Wrapper\src\main\java\com\javazilla\chromium\test\SwingTest.java
